SIMULATION SUMMARY
------------------
EMDS version             : unknown
Operating system         : win32_64
Machine                  : DESKTOP-JSPNOMD
Date                     : Thu Jun  4 17:21:43 2026

Total time               :      69.37 sec

Adaptive phase: 
  refinement steps       : 1
  time                   :      34.00 sec  ( 49.00 %)

Solve phase:
  time                   :      26.35 sec  ( 37.98 %)

Timing per subtask:
  setup                  :       0.02 sec  (  0.03 %)
  mesh                   :       2.03 sec  (  2.92 %)
  adapt                  :       7.12 sec  ( 10.26 %)
  mesh2d                 :       0.00 sec  (  0.00 %)
  solve2d                :       0.00 sec  (  0.00 %)
  solve3d                :      55.95 sec  ( 80.65 %)
  fileIO                 :       0.00 sec  (  0.00 %)
  farfield               :       0.00 sec  (  0.00 %)
  fem_vmesh              :       0.00 sec  (  0.00 %)
  fem_vmesh_2            :       0.00 sec  (  0.00 %)
  mesh_ops               :       0.00 sec  (  0.00 %)